\BOOKMARK [1][-]{section.1}{\376\377\000I\000n\000t\000r\000o\000d\000u\000c\000c\000i\000\363\000n}{}% 1
\BOOKMARK [1][-]{section.2}{\376\377\000I\000n\000v\000e\000s\000t\000i\000g\000a\000c\000i\000\363\000n\000\040\000P\000r\000e\000l\000i\000m\000i\000n\000a\000r}{}% 2
\BOOKMARK [2][-]{subsection.2.1}{\376\377\000P\000r\000e\000g\000u\000n\000t\000a\000s\000\040\000C\000l\000a\000v\000e}{section.2}% 3
\BOOKMARK [1][-]{section.3}{\376\377\000M\000e\000t\000o\000d\000o\000l\000o\000g\000\355\000a\000s\000\040\000P\000r\000i\000n\000c\000i\000p\000a\000l\000e\000s}{}% 4
\BOOKMARK [2][-]{subsection.3.1}{\376\377\000A\000g\000i\000l\000e}{section.3}% 5
\BOOKMARK [3][-]{subsubsection.3.1.1}{\376\377\000\277\000Q\000u\000\351\000\040\000e\000s\000?}{subsection.3.1}% 6
\BOOKMARK [3][-]{subsubsection.3.1.2}{\376\377\000\277\000P\000a\000r\000a\000\040\000q\000u\000\351\000\040\000s\000i\000r\000v\000e\000?}{subsection.3.1}% 7
\BOOKMARK [3][-]{subsubsection.3.1.3}{\376\377\000\277\000C\000\363\000m\000o\000\040\000s\000e\000\040\000i\000m\000p\000l\000e\000m\000e\000n\000t\000a\000?}{subsection.3.1}% 8
\BOOKMARK [2][-]{subsection.3.2}{\376\377\000W\000a\000t\000e\000r\000f\000a\000l\000l\000\040\000\050\000C\000a\000s\000c\000a\000d\000a\000\051}{section.3}% 9
\BOOKMARK [3][-]{subsubsection.3.2.1}{\376\377\000\277\000Q\000u\000\351\000\040\000e\000s\000?}{subsection.3.2}% 10
\BOOKMARK [3][-]{subsubsection.3.2.2}{\376\377\000\277\000P\000a\000r\000a\000\040\000q\000u\000\351\000\040\000s\000i\000r\000v\000e\000?}{subsection.3.2}% 11
\BOOKMARK [3][-]{subsubsection.3.2.3}{\376\377\000\277\000C\000\363\000m\000o\000\040\000s\000e\000\040\000i\000m\000p\000l\000e\000m\000e\000n\000t\000a\000?}{subsection.3.2}% 12
\BOOKMARK [2][-]{subsection.3.3}{\376\377\000L\000e\000a\000n}{section.3}% 13
\BOOKMARK [3][-]{subsubsection.3.3.1}{\376\377\000\277\000Q\000u\000\351\000\040\000e\000s\000?}{subsection.3.3}% 14
\BOOKMARK [3][-]{subsubsection.3.3.2}{\376\377\000\277\000P\000a\000r\000a\000\040\000q\000u\000\351\000\040\000s\000i\000r\000v\000e\000?}{subsection.3.3}% 15
\BOOKMARK [3][-]{subsubsection.3.3.3}{\376\377\000\277\000C\000\363\000m\000o\000\040\000s\000e\000\040\000i\000m\000p\000l\000e\000m\000e\000n\000t\000a\000?}{subsection.3.3}% 16
\BOOKMARK [2][-]{subsection.3.4}{\376\377\000B\000l\000a\000c\000k\000\040\000B\000e\000l\000t\000\040\000\050\000L\000e\000a\000n\000\040\000S\000i\000x\000\040\000S\000i\000g\000m\000a\000\051}{section.3}% 17
\BOOKMARK [3][-]{subsubsection.3.4.1}{\376\377\000\277\000Q\000u\000\351\000\040\000e\000s\000?}{subsection.3.4}% 18
\BOOKMARK [3][-]{subsubsection.3.4.2}{\376\377\000\277\000P\000a\000r\000a\000\040\000q\000u\000\351\000\040\000s\000i\000r\000v\000e\000?}{subsection.3.4}% 19
\BOOKMARK [3][-]{subsubsection.3.4.3}{\376\377\000\277\000C\000\363\000m\000o\000\040\000s\000e\000\040\000i\000m\000p\000l\000e\000m\000e\000n\000t\000a\000?}{subsection.3.4}% 20
\BOOKMARK [1][-]{section.4}{\376\377\000O\000t\000r\000a\000s\000\040\000M\000e\000t\000o\000d\000o\000l\000o\000g\000\355\000a\000s\000\040\000R\000e\000l\000e\000v\000a\000n\000t\000e\000s}{}% 21
\BOOKMARK [2][-]{subsection.4.1}{\376\377\000D\000e\000v\000O\000p\000s}{section.4}% 22
\BOOKMARK [3][-]{subsubsection.4.1.1}{\376\377\000\277\000Q\000u\000\351\000\040\000e\000s\000?}{subsection.4.1}% 23
\BOOKMARK [3][-]{subsubsection.4.1.2}{\376\377\000\277\000P\000a\000r\000a\000\040\000q\000u\000\351\000\040\000s\000i\000r\000v\000e\000?}{subsection.4.1}% 24
\BOOKMARK [3][-]{subsubsection.4.1.3}{\376\377\000\277\000C\000\363\000m\000o\000\040\000s\000e\000\040\000i\000m\000p\000l\000e\000m\000e\000n\000t\000a\000?}{subsection.4.1}% 25
\BOOKMARK [2][-]{subsection.4.2}{\376\377\000S\000c\000r\000u\000m}{section.4}% 26
\BOOKMARK [3][-]{subsubsection.4.2.1}{\376\377\000\277\000Q\000u\000\351\000\040\000e\000s\000?}{subsection.4.2}% 27
\BOOKMARK [3][-]{subsubsection.4.2.2}{\376\377\000\277\000P\000a\000r\000a\000\040\000q\000u\000\351\000\040\000s\000i\000r\000v\000e\000?}{subsection.4.2}% 28
\BOOKMARK [3][-]{subsubsection.4.2.3}{\376\377\000\277\000C\000\363\000m\000o\000\040\000s\000e\000\040\000i\000m\000p\000l\000e\000m\000e\000n\000t\000a\000?}{subsection.4.2}% 29
\BOOKMARK [2][-]{subsection.4.3}{\376\377\000K\000a\000n\000b\000a\000n}{section.4}% 30
\BOOKMARK [3][-]{subsubsection.4.3.1}{\376\377\000\277\000Q\000u\000\351\000\040\000e\000s\000?}{subsection.4.3}% 31
\BOOKMARK [3][-]{subsubsection.4.3.2}{\376\377\000\277\000P\000a\000r\000a\000\040\000q\000u\000\351\000\040\000s\000i\000r\000v\000e\000?}{subsection.4.3}% 32
\BOOKMARK [3][-]{subsubsection.4.3.3}{\376\377\000\277\000C\000\363\000m\000o\000\040\000s\000e\000\040\000i\000m\000p\000l\000e\000m\000e\000n\000t\000a\000?}{subsection.4.3}% 33
\BOOKMARK [2][-]{subsection.4.4}{\376\377\000E\000x\000t\000r\000e\000m\000e\000\040\000P\000r\000o\000g\000r\000a\000m\000m\000i\000n\000g\000\040\000\050\000X\000P\000\051}{section.4}% 34
\BOOKMARK [3][-]{subsubsection.4.4.1}{\376\377\000\277\000Q\000u\000\351\000\040\000e\000s\000?}{subsection.4.4}% 35
\BOOKMARK [3][-]{subsubsection.4.4.2}{\376\377\000\277\000P\000a\000r\000a\000\040\000q\000u\000\351\000\040\000s\000i\000r\000v\000e\000?}{subsection.4.4}% 36
\BOOKMARK [3][-]{subsubsection.4.4.3}{\376\377\000\277\000C\000\363\000m\000o\000\040\000s\000e\000\040\000i\000m\000p\000l\000e\000m\000e\000n\000t\000a\000?}{subsection.4.4}% 37
\BOOKMARK [1][-]{section.5}{\376\377\000C\000o\000m\000p\000a\000r\000a\000t\000i\000v\000a\000\040\000y\000\040\000A\000n\000\341\000l\000i\000s\000i\000s}{}% 38
\BOOKMARK [1][-]{section.6}{\376\377\000C\000o\000n\000c\000l\000u\000s\000i\000o\000n\000e\000s}{}% 39
